[     183ms] [INFO] %cDownload the React DevTools for a better development experience: https://react.dev/link/react-devtools font-weight:bold @ http://127.0.0.1:3000/_next/static/chunks/node_modules_next_dist_compiled_react-dom_1e674e59._.js:14537
[     320ms] [ERROR] A tree hydrated but some attributes of the server rendered HTML didn't match the client properties. This won't be patched up. This can happen if a SSR-ed Client Component used:

- A server/client branch `if (typeof window !== 'undefined')`.
- Variable input such as `Date.now()` or `Math.random()` which changes each time it's called.
- Date formatting in a user's locale which doesn't match the server.
- External changing data without sending a snapshot of it along with the HTML.
- Invalid HTML tag nesting.

It can also happen if the client has a browser extension installed which messes with the HTML before React loaded.

%s%s https://react.dev/link/hydration-mismatch 

  ...
    <RedirectErrorBoundary router={{...}}>
      <InnerLayoutRouter url="/?hydration=1" tree={[...]} cacheNode={{lazyData:null, ...}} segmentPath={[...]}>
        <SegmentViewNode type="layout" pagePath="(site)/lay...">
          <SegmentTrieNode>
          <link>
          <script>
          <script>
          <script>
          <script>
          <script>
          <SiteLayout>
            <div className="flex min-h...">
              <a>
              <Suspense>
              <SiteHeaderWithAuth>
                <SiteHeader isSignedIn={false} account={null} pinned={true}>
                  <div>
                  <div className="site-heade...">
                    <nav className="site-heade..." aria-label="Primary">
                      <div>
                      <SiteHeaderControls isSignedIn={false} account={null}>
                        <div className="flex shrin..." role="group" aria-label="Site controls">
                          <HeaderChip>
                          <HeaderChip style={{--i:5}}>
                            <span className="site-heade..." style={{--i:5}}>
                              <SiteHeaderMenu isSignedIn={false} account={null} showThemeToggle={false}>
                                <div ref={{current:null}} className="relative i...">
                                  <button
                                    ref={{current:null}}
                                    type="button"
+                                   className="group inline-flex min-h-11 shrink-0 items-center justify-center gap-1 r..."
-                                   className="group inline-flex h-8 shrink-0 items-center justify-center gap-1 rounde..."
                                    aria-label="Open menu"
                                    aria-haspopup="menu"
                                    aria-expanded={false}
                                    aria-controls="_R_akknealb_"
                                    onClick={function onClick}
                                  >
              ...
      ...
 @ http://127.0.0.1:3000/_next/static/chunks/node_modules_next_dist_b0daae9a._.js:2405
[     346ms] [ERROR] WebSocket connection to 'ws://127.0.0.1:3000/_next/webpack-hmr' failed: Error during WebSocket handshake: net::ERR_INVALID_HTTP_RESPONSE @ http://127.0.0.1:3000/_next/static/chunks/node_modules_next_dist_client_cf1d9188._.js:5703
[     346ms] [ERROR] Failed to load resource: the server responded with a status of 403 (Forbidden) @ http://127.0.0.1:3000/__nextjs_original-stack-frames:0
